Hello, world!
My name is "Decaf"
Good	bye!
RETURN VALUE = 0
