Duplicate symbols named 'main' in scope started on line 1
