Type mismatch: int is incompatible with bool on line 4
